------------------------------------------------------------
TimeQuest Timing Analyzer Summary
------------------------------------------------------------

Type  : Slow 1200mV 85C Model Setup 'clk_50Mhz'
Slack : -3.770
TNS   : -602.434

Type  : Slow 1200mV 85C Model Setup 'LCD_module:ready_to_play|state_valid_breaker'
Slack : -2.896
TNS   : -20.973

Type  : Slow 1200mV 85C Model Hold 'LCD_module:ready_to_play|state_valid_breaker'
Slack : -2.527
TNS   : -12.752

Type  : Slow 1200mV 85C Model Hold 'clk_50Mhz'
Slack : 0.385
TNS   : 0.000

Type  : Slow 1200mV 85C Model Recovery 'clk_50Mhz'
Slack : -0.548
TNS   : -2.974

Type  : Slow 1200mV 85C Model Removal 'clk_50Mhz'
Slack : 0.614
TNS   : 0.000

Type  : Slow 1200mV 85C Model Minimum Pulse Width 'clk_50Mhz'
Slack : -3.000
TNS   : -349.950

Type  : Slow 1200mV 85C Model Minimum Pulse Width 'LCD_module:ready_to_play|state_valid_breaker'
Slack : 0.441
TNS   : 0.000

Type  : Slow 1200mV 0C Model Setup 'clk_50Mhz'
Slack : -3.345
TNS   : -523.639

Type  : Slow 1200mV 0C Model Setup 'LCD_module:ready_to_play|state_valid_breaker'
Slack : -2.707
TNS   : -19.606

Type  : Slow 1200mV 0C Model Hold 'LCD_module:ready_to_play|state_valid_breaker'
Slack : -2.270
TNS   : -11.171

Type  : Slow 1200mV 0C Model Hold 'clk_50Mhz'
Slack : 0.338
TNS   : 0.000

Type  : Slow 1200mV 0C Model Recovery 'clk_50Mhz'
Slack : -0.389
TNS   : -1.227

Type  : Slow 1200mV 0C Model Removal 'clk_50Mhz'
Slack : 0.556
TNS   : 0.000

Type  : Slow 1200mV 0C Model Minimum Pulse Width 'clk_50Mhz'
Slack : -3.000
TNS   : -349.950

Type  : Slow 1200mV 0C Model Minimum Pulse Width 'LCD_module:ready_to_play|state_valid_breaker'
Slack : 0.371
TNS   : 0.000

Type  : Fast 1200mV 0C Model Setup 'clk_50Mhz'
Slack : -1.409
TNS   : -171.490

Type  : Fast 1200mV 0C Model Setup 'LCD_module:ready_to_play|state_valid_breaker'
Slack : -1.117
TNS   : -6.945

Type  : Fast 1200mV 0C Model Hold 'LCD_module:ready_to_play|state_valid_breaker'
Slack : -1.454
TNS   : -7.887

Type  : Fast 1200mV 0C Model Hold 'clk_50Mhz'
Slack : 0.173
TNS   : 0.000

Type  : Fast 1200mV 0C Model Recovery 'clk_50Mhz'
Slack : 0.222
TNS   : 0.000

Type  : Fast 1200mV 0C Model Removal 'clk_50Mhz'
Slack : 0.291
TNS   : 0.000

Type  : Fast 1200mV 0C Model Minimum Pulse Width 'clk_50Mhz'
Slack : -3.000
TNS   : -290.941

Type  : Fast 1200mV 0C Model Minimum Pulse Width 'LCD_module:ready_to_play|state_valid_breaker'
Slack : 0.300
TNS   : 0.000

------------------------------------------------------------
